// Jest Snapshot v1, https://goo.gl/fbAQLP

exports[`should compare with snapshot 1`] = `
<DocumentFragment>
  <div
    class="Card"
  >
    <h4
      class="Card-title"
    >
      testing Caption
    </h4>
    <img
      alt="testing Caption"
      class="Card-image"
      src="https://i.imgur.com/h1pzaFN.jpeg"
    />
    <small
      class="Card-small"
    >
      Image 1 of 3.
    </small>
  </div>
</DocumentFragment>
`;
